<style>
      div {
    display: none
}
    </style>
