<!DOCTYPE html>
<html>
<head>
    <style>.w-full {
  width: 100% !important
}
.text-center {
  text-align: center !important
}
      /*
        @tab Page
        @section Body Background
        @tip Set the background colour for the email body.
      */
      table {
        /*@editable*/background-color: #eeeeee !important;
      }</style>
  </head>
<body>
  <!-- An HTML comment to preserve -->
  <table class="w-full" cellpadding="0" cellspacing="0" role="presentation">
    <tr>
      <td class="preserve-it text-center">Test</td>
    </tr>
  </table>
</body>
</html>
