<div role="article" class="text-center">Test</div>

<div role="article" class="text-center">Test</div>
