<!DOCTYPE html><html><head><style>.w-full{width:100%!important}.table{display:table!important}</style></head><body>
<table class="w-full" cellpadding="0" cellspacing="0" role="presentation"><tr><td>Test</td></tr></table></body></html>
