<!doctype html>
<html>
  <head>
    <style data-embed="">
      div {
        text-transform: uppercase;
}

      u + #body a {
        color: inherit;
        text-decoration: none;
        font-size: inherit;
        font-weight: inherit;
        line-height: inherit;
      }
    </style>
  </head>
  <body>
    <div>test</div>
  </body>
</html>
