<!DOCTYPE html>
<html>
<head>


  </head>
<body>
  <table class="bg-blue-500" bgcolor="#4299e1" cellpadding="0" cellspacing="0" role="presentation">
    <tr>
      <td class="bg-blue-500" bgcolor="#4299e1">Test</td>
    </tr>
  </table>
</body>
</html>
