<!DOCTYPE html>
<html>
<head>


  </head>
<body>
  <table class="w-full" width="100%" cellpadding="0" cellspacing="0" role="presentation">
    <tr>
      <td class="h-full" height="100%">Test</td>
    </tr>
  </table>
</body>
</html>
