<div>replace strings test</div>

<%= replace strings test %>
