<div class="foo">LOREM IPSUM DOLOR SIT AMET</div>
