<a href="https://example.com?campaign=@CampaignName@&source=email">Test</a>
